{
  "version": "1.5.0",
  "plugins_used": [
    {
      "name": "ArtifactoryDetector"
    },
    {
      "name": "AWSKeyDetector"
    },
    {
      "name": "AzureStorageKeyDetector"
    },
    {
      "name": "Base64HighEntropyString",
      "limit": 4.5
    },
    {
      "name": "BasicAuthDetector"
    },
    {
      "name": "CloudantDetector"
    },
    {
      "name": "DiscordBotTokenDetector"
    },
    {
      "name": "GitHubTokenDetector"
    },
    {
      "name": "GitLabTokenDetector"
    },
    {
      "name": "HexHighEntropyString",
      "limit": 3.0
    },
    {
      "name": "IbmCloudIamDetector"
    },
    {
      "name": "IbmCosHmacDetector"
    },
    {
      "name": "JwtTokenDetector"
    },
    {
      "name": "KeywordDetector",
      "keyword_exclude": ""
    },
    {
      "name": "MailchimpDetector"
    },
    {
      "name": "NpmDetector"
    },
    {
      "name": "OpenAIDetector"
    },
    {
      "name": "PrivateKeyDetector"
    },
    {
      "name": "PypiTokenDetector"
    },
    {
      "name": "SendGridDetector"
    },
    {
      "name": "SlackDetector"
    },
    {
      "name": "SoftlayerDetector"
    },
    {
      "name": "SquareOAuthDetector"
    },
    {
      "name": "StripeDetector"
    },
    {
      "name": "TelegramBotTokenDetector"
    },
    {
      "name": "TwilioKeyDetector"
    }
  ],
  "filters_used": [
    {
      "path": "detect_secrets.filters.allowlist.is_line_allowlisted"
    },
    {
      "path": "detect_secrets.filters.heuristic.is_indirect_reference"
    },
    {
      "path": "detect_secrets.filters.heuristic.is_likely_id_string"
    },
    {
      "path": "detect_secrets.filters.heuristic.is_lock_file"
    },
    {
      "path": "detect_secrets.filters.heuristic.is_not_alphanumeric_string"
    },
    {
      "path": "detect_secrets.filters.heuristic.is_potential_uuid"
    },
    {
      "path": "detect_secrets.filters.heuristic.is_prefixed_with_dollar_sign"
    },
    {
      "path": "detect_secrets.filters.heuristic.is_sequential_string"
    },
    {
      "path": "detect_secrets.filters.heuristic.is_swagger_file"
    },
    {
      "path": "detect_secrets.filters.heuristic.is_templated_secret"
    },
    {
      "path": "detect_secrets.filters.regex.should_exclude_file",
      "pattern": [
        "(?i)(\\.venv[/\\\\]|__pycache__|\\.git[/\\\\]|\\.(png|jpg|jpeg|gif|webp|tif|tiff|pdf|zip|kmz|blend|svg|pyc|lock)$|archives[/\\\\]database of kowel crime[/\\\\]data[/\\\\])"
      ]
    }
  ],
  "results": {
    "apps\\pair_pixel_adaptive_contrast\\Untitled42 (1).ipynb": [
      {
        "type": "Hex High Entropy String",
        "filename": "apps\\pair_pixel_adaptive_contrast\\Untitled42 (1).ipynb",
        "hashed_secret": "8e091a68e604ccf9228ca917f769b104bd788b3b",
        "is_verified": false,
        "line_number": 17
      },
      {
        "type": "Hex High Entropy String",
        "filename": "apps\\pair_pixel_adaptive_contrast\\Untitled42 (1).ipynb",
        "hashed_secret": "879ee68b5dbe44b9a95d4873a4bf48dc234f3cb6",
        "is_verified": false,
        "line_number": 43
      },
      {
        "type": "Hex High Entropy String",
        "filename": "apps\\pair_pixel_adaptive_contrast\\Untitled42 (1).ipynb",
        "hashed_secret": "299f5ecd3ae54dff471bc26fbfce28e89fb5bff4",
        "is_verified": false,
        "line_number": 80
      },
      {
        "type": "Hex High Entropy String",
        "filename": "apps\\pair_pixel_adaptive_contrast\\Untitled42 (1).ipynb",
        "hashed_secret": "af6bcc6b3acae7d4e01cacd8cfed63861ad24a1e",
        "is_verified": false,
        "line_number": 108
      },
      {
        "type": "Hex High Entropy String",
        "filename": "apps\\pair_pixel_adaptive_contrast\\Untitled42 (1).ipynb",
        "hashed_secret": "fd94f4f8fbf1d02c8532f6c0783e33c93cefc9d6",
        "is_verified": false,
        "line_number": 136
      },
      {
        "type": "Hex High Entropy String",
        "filename": "apps\\pair_pixel_adaptive_contrast\\Untitled42 (1).ipynb",
        "hashed_secret": "c4164717e1f3acbc5706cc102c9cd9d8552c3bd0",
        "is_verified": false,
        "line_number": 164
      },
      {
        "type": "Hex High Entropy String",
        "filename": "apps\\pair_pixel_adaptive_contrast\\Untitled42 (1).ipynb",
        "hashed_secret": "03ff060c8e83f4a6a9d6d94b85d2ddf3daf66c12",
        "is_verified": false,
        "line_number": 185
      },
      {
        "type": "Hex High Entropy String",
        "filename": "apps\\pair_pixel_adaptive_contrast\\Untitled42 (1).ipynb",
        "hashed_secret": "3f4f5cda087c22ecbd1af54fa5e03da42bcc947b",
        "is_verified": false,
        "line_number": 206
      },
      {
        "type": "Base64 High Entropy String",
        "filename": "apps\\pair_pixel_adaptive_contrast\\Untitled42 (1).ipynb",
        "hashed_secret": "c840c0b1680174872405e952e2607740259de22b",
        "is_verified": false,
        "line_number": 226
      },
      {
        "type": "Base64 High Entropy String",
        "filename": "apps\\pair_pixel_adaptive_contrast\\Untitled42 (1).ipynb",
        "hashed_secret": "d7a8ad8d4d5fd9400925788b783b385797b54f5e",
        "is_verified": false,
        "line_number": 234
      },
      {
        "type": "Hex High Entropy String",
        "filename": "apps\\pair_pixel_adaptive_contrast\\Untitled42 (1).ipynb",
        "hashed_secret": "bb1b5524d9c87c757ab6e687858b3ac833298162",
        "is_verified": false,
        "line_number": 249
      },
      {
        "type": "Hex High Entropy String",
        "filename": "apps\\pair_pixel_adaptive_contrast\\Untitled42 (1).ipynb",
        "hashed_secret": "295b66b10df52838c7e871de595d136f31dade76",
        "is_verified": false,
        "line_number": 301
      },
      {
        "type": "Hex High Entropy String",
        "filename": "apps\\pair_pixel_adaptive_contrast\\Untitled42 (1).ipynb",
        "hashed_secret": "a77a989e79b49e49ad08954c22728fd23e412dec",
        "is_verified": false,
        "line_number": 353
      },
      {
        "type": "Hex High Entropy String",
        "filename": "apps\\pair_pixel_adaptive_contrast\\Untitled42 (1).ipynb",
        "hashed_secret": "c973a0f7f9de7e2101d66340f6e64b6f1a07a87b",
        "is_verified": false,
        "line_number": 369
      },
      {
        "type": "Hex High Entropy String",
        "filename": "apps\\pair_pixel_adaptive_contrast\\Untitled42 (1).ipynb",
        "hashed_secret": "edebcb25607b5a9a78e08c4394e674883fa1918a",
        "is_verified": false,
        "line_number": 421
      },
      {
        "type": "Hex High Entropy String",
        "filename": "apps\\pair_pixel_adaptive_contrast\\Untitled42 (1).ipynb",
        "hashed_secret": "023b6b4722aadff2a143bb5360d3d2d8fd1ed83a",
        "is_verified": false,
        "line_number": 437
      },
      {
        "type": "Hex High Entropy String",
        "filename": "apps\\pair_pixel_adaptive_contrast\\Untitled42 (1).ipynb",
        "hashed_secret": "0b93c7362ad967d5fb5da51553471161ae4997e2",
        "is_verified": false,
        "line_number": 489
      },
      {
        "type": "Hex High Entropy String",
        "filename": "apps\\pair_pixel_adaptive_contrast\\Untitled42 (1).ipynb",
        "hashed_secret": "4fae00dab26be2ddb983c4ccb48f2c8168920681",
        "is_verified": false,
        "line_number": 505
      },
      {
        "type": "Hex High Entropy String",
        "filename": "apps\\pair_pixel_adaptive_contrast\\Untitled42 (1).ipynb",
        "hashed_secret": "5acbd10425524d1c0dd6d98997bc146c9fb1f469",
        "is_verified": false,
        "line_number": 557
      },
      {
        "type": "Hex High Entropy String",
        "filename": "apps\\pair_pixel_adaptive_contrast\\Untitled42 (1).ipynb",
        "hashed_secret": "60ef57caa699f788f7e34e76120877658c50dd05",
        "is_verified": false,
        "line_number": 573
      },
      {
        "type": "Hex High Entropy String",
        "filename": "apps\\pair_pixel_adaptive_contrast\\Untitled42 (1).ipynb",
        "hashed_secret": "143ed8fbe4eea7ae64451ab5c645c133588c42f0",
        "is_verified": false,
        "line_number": 595
      },
      {
        "type": "Hex High Entropy String",
        "filename": "apps\\pair_pixel_adaptive_contrast\\Untitled42 (1).ipynb",
        "hashed_secret": "bb96f121db98dab98fc83b8c8b246c90a208b086",
        "is_verified": false,
        "line_number": 617
      },
      {
        "type": "Hex High Entropy String",
        "filename": "apps\\pair_pixel_adaptive_contrast\\Untitled42 (1).ipynb",
        "hashed_secret": "c1d693a7716a3e4665c319fd14d1c1abcaa5d802",
        "is_verified": false,
        "line_number": 669
      },
      {
        "type": "Hex High Entropy String",
        "filename": "apps\\pair_pixel_adaptive_contrast\\Untitled42 (1).ipynb",
        "hashed_secret": "5c44351d46c3bb39b23b842ca6ed00b464dac1ce",
        "is_verified": false,
        "line_number": 721
      },
      {
        "type": "Hex High Entropy String",
        "filename": "apps\\pair_pixel_adaptive_contrast\\Untitled42 (1).ipynb",
        "hashed_secret": "0698de43c6fa14df431198a8cf653004dc1ed36f",
        "is_verified": false,
        "line_number": 736
      },
      {
        "type": "Hex High Entropy String",
        "filename": "apps\\pair_pixel_adaptive_contrast\\Untitled42 (1).ipynb",
        "hashed_secret": "e5da0a1cb1baada283a17b49dffb6f6406c2319b",
        "is_verified": false,
        "line_number": 788
      },
      {
        "type": "Hex High Entropy String",
        "filename": "apps\\pair_pixel_adaptive_contrast\\Untitled42 (1).ipynb",
        "hashed_secret": "afed9729dcacd73f05af7b5eddb6f7ef015a2312",
        "is_verified": false,
        "line_number": 804
      },
      {
        "type": "Hex High Entropy String",
        "filename": "apps\\pair_pixel_adaptive_contrast\\Untitled42 (1).ipynb",
        "hashed_secret": "531925a808ebf6b1ed1721074424cbb144062cec",
        "is_verified": false,
        "line_number": 856
      },
      {
        "type": "Hex High Entropy String",
        "filename": "apps\\pair_pixel_adaptive_contrast\\Untitled42 (1).ipynb",
        "hashed_secret": "652f82be59cca867ef28e4cfd0722142c53c09c6",
        "is_verified": false,
        "line_number": 872
      },
      {
        "type": "Hex High Entropy String",
        "filename": "apps\\pair_pixel_adaptive_contrast\\Untitled42 (1).ipynb",
        "hashed_secret": "b9075b7b67870f1fd1ee436348620a3054f1da2c",
        "is_verified": false,
        "line_number": 924
      },
      {
        "type": "Hex High Entropy String",
        "filename": "apps\\pair_pixel_adaptive_contrast\\Untitled42 (1).ipynb",
        "hashed_secret": "96c65832d2dede01a632fe0c796fca156db01b5e",
        "is_verified": false,
        "line_number": 946
      },
      {
        "type": "Hex High Entropy String",
        "filename": "apps\\pair_pixel_adaptive_contrast\\Untitled42 (1).ipynb",
        "hashed_secret": "18a3cc1bd1a23713c6f4e783cda2e224b89f9827",
        "is_verified": false,
        "line_number": 967
      },
      {
        "type": "Hex High Entropy String",
        "filename": "apps\\pair_pixel_adaptive_contrast\\Untitled42 (1).ipynb",
        "hashed_secret": "e6eaf7cdfd88fc2729884adc4138d11843b90a64",
        "is_verified": false,
        "line_number": 991
      },
      {
        "type": "Hex High Entropy String",
        "filename": "apps\\pair_pixel_adaptive_contrast\\Untitled42 (1).ipynb",
        "hashed_secret": "d2a90e4bfd97f57aaf9746d6bd29aab373600430",
        "is_verified": false,
        "line_number": 1012
      },
      {
        "type": "Hex High Entropy String",
        "filename": "apps\\pair_pixel_adaptive_contrast\\Untitled42 (1).ipynb",
        "hashed_secret": "4080c16afbfcff24604bf301af35311a9a61e37b",
        "is_verified": false,
        "line_number": 1064
      },
      {
        "type": "Hex High Entropy String",
        "filename": "apps\\pair_pixel_adaptive_contrast\\Untitled42 (1).ipynb",
        "hashed_secret": "9328090f022b42eddc2e7a0a6d5493576cd8b867",
        "is_verified": false,
        "line_number": 1116
      },
      {
        "type": "Hex High Entropy String",
        "filename": "apps\\pair_pixel_adaptive_contrast\\Untitled42 (1).ipynb",
        "hashed_secret": "50b1e1aed325d9763db320c0efa88ba556f79bb8",
        "is_verified": false,
        "line_number": 1131
      },
      {
        "type": "Hex High Entropy String",
        "filename": "apps\\pair_pixel_adaptive_contrast\\Untitled42 (1).ipynb",
        "hashed_secret": "19062b8967863bdf76ebaf135dadcba11fa478c3",
        "is_verified": false,
        "line_number": 1183
      },
      {
        "type": "Hex High Entropy String",
        "filename": "apps\\pair_pixel_adaptive_contrast\\Untitled42 (1).ipynb",
        "hashed_secret": "0105cdf9961334d0fed7516f8963f3f65f648d94",
        "is_verified": false,
        "line_number": 1199
      },
      {
        "type": "Hex High Entropy String",
        "filename": "apps\\pair_pixel_adaptive_contrast\\Untitled42 (1).ipynb",
        "hashed_secret": "93ab00681156744b0197279871e2f6208c8d0648",
        "is_verified": false,
        "line_number": 1251
      }
    ],
    "draw_street_graph.ipynb": [
      {
        "type": "Base64 High Entropy String",
        "filename": "draw_street_graph.ipynb",
        "hashed_secret": "e89f68307b9629df982696dfb977a6d5c118a755",
        "is_verified": false,
        "line_number": 20
      }
    ]
  },
  "generated_at": "2026-09-21T08:35:21Z"
}
